---
source: migrator-tests/src/lib.rs
expression: migration_queries_snaps
---

