---
source: migrator-tests/src/lib.rs
expression: db_miration_schema_state
---
DbMigrationSchemaState {
    resources: DbInfo {
        analyzers: Analyzers(
            Info(
                {},
            ),
        ),
        functions: Functions(
            Info(
                {},
            ),
        ),
        params: Params(
            Info(
                {},
            ),
        ),
        scopes: Scopes(
            Info(
                {},
            ),
        ),
        tables: Tables(
            Info(
                {
                    "animal": DefineStatementRaw(
                        "DEFINE TABLE animal SCHEMAFULL PERMISSIONS NONE",
                    ),
                    "crop": DefineStatementRaw(
                        "DEFINE TABLE crop SCHEMAFULL PERMISSIONS NONE",
                    ),
                    "migration": DefineStatementRaw(
                        "DEFINE TABLE migration SCHEMAFULL PERMISSIONS NONE",
                    ),
                    "planet": DefineStatementRaw(
                        "DEFINE TABLE planet SCHEMAFULL PERMISSIONS NONE",
                    ),
                },
            ),
        ),
        tokens: Tokens(
            Info(
                {},
            ),
        ),
        users: Users(
            Info(
                {},
            ),
        ),
    },
    migration_meta: [
        StreamLinedMigration {
            basename: Basename(
                "migration_12_gen_after_init",
            ),
            extension: Extension(
                "up.surql",
            ),
            checksum_up: Checksum(
                "0c01e74e3d0049692c667de8d5e437e0f57c7dc2e0900f16a158a928f94bc53b",
            ),
            checksum_down: Some(
                Checksum(
                    "7eefd526c19969d2329f170436b63860c7c11606e0f420b86f97b0f5e6e5475d",
                ),
            ),
        },
        StreamLinedMigration {
            basename: Basename(
                "migration_11_gen_after_init",
            ),
            extension: Extension(
                "up.surql",
            ),
            checksum_up: Checksum(
                "e3b0c44298fc1c149afbf4c8996fb92427ae41e4649b934ca495991b7852b855",
            ),
            checksum_down: Some(
                Checksum(
                    "e3b0c44298fc1c149afbf4c8996fb92427ae41e4649b934ca495991b7852b855",
                ),
            ),
        },
        StreamLinedMigration {
            basename: Basename(
                "migration_10_gen_after_init",
            ),
            extension: Extension(
                "up.surql",
            ),
            checksum_up: Checksum(
                "411ab60f7f2603da732055403cf13845a6355bb9db181ba8ee8d74be0baa6664",
            ),
            checksum_down: Some(
                Checksum(
                    "c2b0160e84425cd34ba70f768c54f5fd53a4d8ab3868d21bd72a57798f0ebed8",
                ),
            ),
        },
        StreamLinedMigration {
            basename: Basename(
                "migration_9_gen_after_init",
            ),
            extension: Extension(
                "up.surql",
            ),
            checksum_up: Checksum(
                "c2b0160e84425cd34ba70f768c54f5fd53a4d8ab3868d21bd72a57798f0ebed8",
            ),
            checksum_down: Some(
                Checksum(
                    "411ab60f7f2603da732055403cf13845a6355bb9db181ba8ee8d74be0baa6664",
                ),
            ),
        },
        StreamLinedMigration {
            basename: Basename(
                "migration_8_gen_after_init",
            ),
            extension: Extension(
                "up.surql",
            ),
            checksum_up: Checksum(
                "812b038accb8e6f4faf1ca5785dcd52eafe04253276a78562066c54e6a90da90",
            ),
            checksum_down: Some(
                Checksum(
                    "5cddc4807eb22b201f0570ac3f59b12fe10a3e7999df90f44c1d79bf4012cde9",
                ),
            ),
        },
        StreamLinedMigration {
            basename: Basename(
                "migration_7_gen_after_init",
            ),
            extension: Extension(
                "up.surql",
            ),
            checksum_up: Checksum(
                "11d98c740871216b4097896e37d3dab602107d97b8af27684afca245659689d8",
            ),
            checksum_down: Some(
                Checksum(
                    "e0c02e4b902fba690ba0afa9e4178ddfdf9183fb282b4a37e352c936dabb2134",
                ),
            ),
        },
        StreamLinedMigration {
            basename: Basename(
                "migration_6_gen_after_init",
            ),
            extension: Extension(
                "up.surql",
            ),
            checksum_up: Checksum(
                "e3b0c44298fc1c149afbf4c8996fb92427ae41e4649b934ca495991b7852b855",
            ),
            checksum_down: Some(
                Checksum(
                    "e3b0c44298fc1c149afbf4c8996fb92427ae41e4649b934ca495991b7852b855",
                ),
            ),
        },
        StreamLinedMigration {
            basename: Basename(
                "migration_5_gen_after_init",
            ),
            extension: Extension(
                "up.surql",
            ),
            checksum_up: Checksum(
                "6f052b7bec10f8d14738b0cf9908fd193d6ab430d7f1696f0e361b70f79dd7ae",
            ),
            checksum_down: Some(
                Checksum(
                    "be779aba93a10d4872f2cff1ceae44370cda1ce8376160e9655392f0089f1347",
                ),
            ),
        },
        StreamLinedMigration {
            basename: Basename(
                "migration_4_gen_after_init",
            ),
            extension: Extension(
                "up.surql",
            ),
            checksum_up: Checksum(
                "2d850089c51a49447395c7b5da3c2cad248644d7a649e2b3711c2d4510cd0ffc",
            ),
            checksum_down: Some(
                Checksum(
                    "18fea4f2690b27a51478a2de26f0679d5be1c6ac540cc07e33b4ebfc2436775d",
                ),
            ),
        },
        StreamLinedMigration {
            basename: Basename(
                "migration_3_gen_after_init",
            ),
            extension: Extension(
                "up.surql",
            ),
            checksum_up: Checksum(
                "63d7a116537c7b5458bcedf15dcd86dd76774686664faae4d740abb0071e3eb2",
            ),
            checksum_down: Some(
                Checksum(
                    "136276f516b8c0c25d9457f0586a3745641410e6434dbcc58fa6066bb4f71e7c",
                ),
            ),
        },
        StreamLinedMigration {
            basename: Basename(
                "migration_2_gen_after_init",
            ),
            extension: Extension(
                "up.surql",
            ),
            checksum_up: Checksum(
                "136276f516b8c0c25d9457f0586a3745641410e6434dbcc58fa6066bb4f71e7c",
            ),
            checksum_down: Some(
                Checksum(
                    "6232373a0cde56a8c463fca995b604f6349af1b4be953fbedbca936c20239e41",
                ),
            ),
        },
        StreamLinedMigration {
            basename: Basename(
                "migration_1_init",
            ),
            extension: Extension(
                "up.surql",
            ),
            checksum_up: Checksum(
                "02ade73e7b5fc656b1747fa5a83409ab7645b89c5198eea4505ded30b729b7d9",
            ),
            checksum_down: Some(
                Checksum(
                    "1297b3600eaa5bf46b7cb0f2ef0ec816f722f2aac01dee04e648ec8533a3884d",
                ),
            ),
        },
    ],
}
