---
source: derive_helpers/src/utilities/pick.rs
expression: tokenstream
---
pub struct PickedPerson < 'a , T , U > { name : < Person < 'a , :: std :: marker :: PhantomData < dyn :: std :: any :: Any > , T , :: std :: marker :: PhantomData < dyn :: std :: any :: Any > , U , :: std :: marker :: PhantomData < dyn :: std :: any :: Any > > as PersonPickable > :: name , age : < Person < 'a , :: std :: marker :: PhantomData < dyn :: std :: any :: Any > , T , :: std :: marker :: PhantomData < dyn :: std :: any :: Any > , U , :: std :: marker :: PhantomData < dyn :: std :: any :: Any > > as PersonPickable > :: age , }
