---
source: surreal-orm-tests/tests/test_query_builder.rs
expression: relate_more
---
[]
