---
source: surreal-query-builder/src/statements/define_field.rs
expression: statement.fine_tune_params()
---
DEFINE FIELD email ON TABLE user TYPE string VALUE $value OR $_param_00000001 ASSERT ($value IS NOT NONE) AND ($value ~ $_param_00000002)
PERMISSIONS
FOR select
	WHERE age >= $_param_00000003
FOR create, update
	WHERE name IS $_param_00000004
FOR create, delete
	WHERE name IS $_param_00000005
FOR update
	WHERE age <= $_param_00000006;
