---
source: surrealdb-orm-tests/tests/query_create_v2.rs
expression: "build.get_bindings()[0].get_raw_value().len()"
---
630
