---
source: surrealdb-orm-tests/tests/test_query_strings.rs
expression: "replace_params(&format!(\"{:?}\", query.get_bindings()))"
---
"[Binding { param: \"_param_00000001\", value: Table(Table(\"student\")), original_inline_name: \"_param_00000002\", raw_string: \"student\", description: None }, Binding { param: \"_param_00000003\", value: Table(Table(\"student\")), original_inline_name: \"_param_00000004\", raw_string: \"student\", description: None }, Binding { param: \"_param_00000005\", value: Table(Table(\"book\")), original_inline_name: \"_param_00000006\", raw_string: \"book\", description: None }, Binding { param: \"_param_00000007\", value: Table(Table(\"student\")), original_inline_name: \"_param_00000008\", raw_string: \"student\", description: None }, Binding { param: \"_param_00000009\", value: Table(Table(\"book\")), original_inline_name: \"_param_00000010\", raw_string: \"book\", description: None }, Binding { param: \"_param_00000011\", value: Thing(Thing { tb: \"book\", id: Number(1) }), original_inline_name: \"_param_00000012\", raw_string: \"book:1\", description: None }, Binding { param: \"_param_00000013\", value: Thing(Thing { tb: \"book\", id: Number(1) }), original_inline_name: \"_param_00000014\", raw_string: \"book:1\", description: None }, Binding { param: \"_param_00000015\", value: Thing(Thing { tb: \"student\", id: Number(1) }), original_inline_name: \"_param_00000016\", raw_string: \"student:1\", description: None }, Binding { param: \"_param_00000017\", value: Thing(Thing { tb: \"book\", id: Number(1) }), original_inline_name: \"_param_00000018\", raw_string: \"book:1\", description: None }, Binding { param: \"_param_00000019\", value: Thing(Thing { tb: \"student\", id: Number(1) }), original_inline_name: \"_param_00000020\", raw_string: \"student:1\", description: None }, Binding { param: \"_param_00000021\", value: Thing(Thing { tb: \"book\", id: Number(1) }), original_inline_name: \"_param_00000022\", raw_string: \"book:1\", description: None }, Binding { param: \"_param_00000023\", value: Table(Table(\"book\")), original_inline_name: \"_param_00000024\", raw_string: \"book\", description: None }, Binding { param: \"_param_00000025\", value: Strand(Strand(\"lowo\")), original_inline_name: \"_param_00000026\", raw_string: \"'lowo'\", description: None }, Binding { param: \"_param_00000027\", value: Table(Table(\"age\")), original_inline_name: \"_param_00000028\", raw_string: \"age\", description: None }, Binding { param: \"_param_00000029\", value: Number(Int(600)), original_inline_name: \"_param_00000030\", raw_string: \"600\", description: None }, Binding { param: \"_param_00000031\", value: Strand(Strand(\"Oyelowo\")), original_inline_name: \"_param_00000032\", raw_string: \"'Oyelowo'\", description: None }, Binding { param: \"_param_00000033\", value: Strand(Strand(\"Oyedayo\")), original_inline_name: \"_param_00000034\", raw_string: \"'Oyedayo'\", description: None }, Binding { param: \"_param_00000035\", value: Table(Table(\"age\")), original_inline_name: \"_param_00000036\", raw_string: \"age\", description: None }, Binding { param: \"_param_00000037\", value: Table(Table(\"age\")), original_inline_name: \"_param_00000038\", raw_string: \"age\", description: None }, Binding { param: \"_param_00000039\", value: Number(Int(20)), original_inline_name: \"_param_00000040\", raw_string: \"20\", description: None }, Binding { param: \"_param_00000041\", value: Table(Table(\"firstName\")), original_inline_name: \"_param_00000042\", raw_string: \"firstName\", description: None }, Binding { param: \"_param_00000043\", value: Number(Int(5)), original_inline_name: \"_param_00000044\", raw_string: \"5\", description: None }, Binding { param: \"_param_00000045\", value: Number(Int(10)), original_inline_name: \"_param_00000046\", raw_string: \"10\", description: None }, Binding { param: \"_param_00000047\", value: Table(Table(\"unoBook\")), original_inline_name: \"_param_00000048\", raw_string: \"unoBook\", description: None }, Binding { param: \"_param_00000049\", value: Table(Table(\"age\")), original_inline_name: \"_param_00000050\", raw_string: \"age\", description: None }, Binding { param: \"_param_00000051\", value: Strand(Strand(\"Oyelowo\")), original_inline_name: \"_param_00000052\", raw_string: \"'Oyelowo'\", description: None }, Binding { param: \"_param_00000053\", value: True, original_inline_name: \"_param_00000054\", raw_string: \"true\", description: None }, Binding { param: \"_param_00000055\", value: Number(Int(150)), original_inline_name: \"_param_00000056\", raw_string: \"150\", description: None }]"
