---
source: surrealdb-orm-tests/tests/test_query_strings.rs
expression: "&x.fine_tune_params()"
---
student[WHERE $_param_00000001 < age < $_param_00000002]student->writes[WHERE timeWritten > $_param_00000003]->book[WHERE id = $_param_00000004]
