---
source: surreal-query-builder/src/statements/define_table.rs
expression: statement.get_bindings()
---
[]
