---
source: query-builder/src/statements/define_model.rs
expression: statement.fine_tune_params()
---
DEFINE MODEL ml::$_param_00000001<$_param_00000002>;
