---
source: surrealdb-query-builder/src/statements/ifelse.rs
expression: if_statement5.to_raw().build()
---
IF age >= 18 <= 120 THEN
	( SELECT * FROM user:oyelowo WHERE (city IS 'Prince Edward Island') AND (city IS 'NewFoundland') OR (city ~ 'Toronto') ORDER BY age NUMERIC ASC LIMIT 153 START AT 10 PARALLEL )
ELSE IF name ~ 'Oyelowo Oyedayo' THEN
	( SELECT * FROM user:oyedayo WHERE country IS 'INDONESIA' ORDER BY age NUMERIC ASC LIMIT 20 START AT 5 )
ELSE IF (country IS 'Canada') OR (country IS 'Norway') THEN
	'Cold'
ELSE
	'Hot'
END
