---
source: orm-tests/tests/query_define_function.rs
expression: spaceship.fine_tune_params()
---
fn::get_or_create_spaceship($_param_00000001, $last_name, birthday, $_param_00000002)
