---
source: orm-tests/tests/query_define_function.rs
expression: person.to_raw().build()
---
fn::get_person('Oyelowo', 'Oyedayo', '2022-09-21')
