---
source: surrealdb-macros/tests/rand.rs
expression: "3"
---
3
